---end scope---
q INT 0
---end scope---
line 5: syntax error
