line 1: prototype mismatch, function print expects arguments STRING
