1 ID k5xDI
1 RBRACE }
1 ID ExdYweSOfPrSewb
1 STRING 21799 096873 
1 NUM 21799
1 NUM 0
1 NUM 96873
Error \
