1 BYTE byte
1 STRING G 6893 50845 " xfvI2K j2IOoOaXbvd8ti4oreturn
1 ID y
1 ID l
Error \
