1 RPAREN )
1 STRING " LGLCY S9h0XmbmJJRi6Q s3CX KL 94599 and
1 ID LFBA6zMp0JhtMI
1 NUM 4355
Error \
