1 RELOP ==
1 STRING 063459

 " KcDI5J0whRrKJ c N " >=
1 ID P
Error \
