1 ID KjQzwROG5uX9MLcontinue
1 STRING C Dtgxl 	 m8 
 	 \ z D4k5YxDZOBtq1 B h 
Error \
