1 ID DBmNQzMLYYTmyhUcontinue
1 RELOP >=
1 ID iPjnREclWe22svd
1 RELOP ==
1 AND and
Error undefined escape sequence  
