1 ID jM
1 STRING aHWGZ4zcc 	 K N \ 
 LZ $ K 	
1 ID u
1 ID J
Error \
