1 RETURN return
1 RBRACE }
1 FALSE false
Error undefined escape sequence  
