1 STRING vzJbX 	 2752 SWWf9Ck7kj Rl \ 
 *
Error \
