1 RELOP ==
1 RPAREN )
1 ID orcontinue
Error unclosed string
