1 BREAK break
1 LPAREN (
1 STRING 48626 tX160LMRX16on7qVEsYuLD1 l \ 6ljOv 
1 NUM 25764
Error \
