1 RELOP >
1 INT int
1 SC ;
1 RELOP >=
1 STRING    TGx1PWF0rzOjU >=>=)6PUaYecHFE7
1 ID Y
1 ID sn
Error \
