1 RBRACE }
1 RBRACE }
1 B b
1 RELOP >
1 BINOP -
1 BINOP /
Error undefined escape sequence v
