1 BINOP *
1 RELOP >=
1 RPAREN )
1 ID IcJWHiTW
1 RELOP >=
1 ID kmBie5efW7svoid
1 BINOP +
Error unclosed string
