1 FALSE false
1 SC ;
1 BINOP -
1 NUM 8
1 ID oC9ipDcofvtE9AInot
1 RELOP !=
1 STRING 5050 
1 ID V
Error \
