1 BINOP -
1 ID yh6W
1 STRING 9958 eLUzzfwlYI 5"  byte
1 NUM 9805
Error \
