1 ID Ovi6f5ivSkbxGE6VyX5XoDgHeNSs
Error undefined escape sequence x0e
