1 VOID void
1 ELSE else
Error undefined escape sequence  
