1 RELOP >
1 OR or
1 BINOP +
1 VOID void
1 RELOP <=
1 ID falseHQyH4Fy1
Error unclosed string
