1 STRING g[ V	"0]af\I"z	I	\		"Q>b	 
1 ID sO7LFJjkcShk267W0KFMxImrzUANnaBkzQWQgGcTCuyzqAEcB2zb5nEWz8NrBZVJq
1 STRING e	Zp"M	""{ F\zs8e 
Error undefined escape sequence x12
