1 RELOP !=
1 BINOP -
1 SC ;
1 ID intRFc
1 RELOP >
1 IF if
1 LBRACE {
1 BYTE byte
1 LPAREN (
1 ID returnfalse
1 STRING C 9J6pe7Z\ R 54633 Ke5iJayHxoyTqGs 
1 ID MT5jEYq
1 ID LLaj5Xf
1 NUM 45564
Error \
