1 ID elseelse
1 ID trueb
1 LBRACE {
Error undefined escape sequence  
