1 BREAK break
1 RELOP !=
1 ID Jjtty9BkRCvhXreturnblBDif7B2pfC
1 RBRACE }
1 ID byteboolIJ7EhQ
2 ASSIGN =
2 AND and
Error undefined escape sequence j
