1 ID continuebyte
Error undefined escape sequence x89
