1 STRING jv1rrHCQsrx 	 Qgb665NC5n2 99787 	 y1Yfag 
 	 \ oM0WF9CUef 13655 <=0jkIvy*SrqYy60uMYy;
1 ID HKbSVV5M1
Error \
