1 WHILE while
Error undefined escape sequence xB2
