1 LBRACE {
1 BINOP -
Error undefined escape sequence j
