1 WHILE while
1 RPAREN )
1 BYTE byte
1 RELOP <=
1 ID exk0SOTpj1voidelse
1 STRING k " HK 	 66908 Qo1AyxMtFm2pYi0 7P6JQ0LyXAEW I continue
Error \
