1 LPAREN (
1 RPAREN )
1 STRING 
1 NUM 28921
1 ID t
Error \
