1 ID eIN4SEjlgj5XUmwUj4Ct0m3imQRKsO7LFJjkcShk267W0KFMxImrzUANnaBkzQWQgGcTCuyzqAEcB2zb5nEWz8NrBZVJq
1 STRING "\#
Error undefined escape sequence x14
