1 STRING v 
  >=AogFMbzOhdggdsyhD8nqbSOTCGxdsyhD8nqbSOTCGxint
1 ID t8Tzj
Error \
