Player 1, enter any number: 
60
Player 2, enter a number larger than %d with the same number of divisors: 
90
Player 1, enter a number larger than %d with the same number of divisors: 
150
Player 2, enter a number larger than %d with the same number of divisors: 
1
Player 2 loses!
Player 1 divisors:
24
Player 2 divisors:
1
