TRUE evaluation
1
FALSE evaluation
0
Evaluation with if (exp){printi(1)}else{printi(0)} with truth tabels {0, 1} and {00, 01, 10, 11}
NOT truth table
1
0
AND truth table
0
0
0
1
OR truth table
0
1
1
1
