26: Exp -> TRUE
7: Statement -> ID ASSIGN Exp SC
2: Statements -> Statement
25: Exp -> STRING
21: Exp -> ID
20: Exp -> Exp BINOP Exp
7: Statement -> ID ASSIGN Exp SC
3: Statements -> Statements Statement
26: Exp -> TRUE
26: Exp -> TRUE
23: Exp -> NUM
20: Exp -> Exp BINOP Exp
15: Call -> ID LPAREN Exp RPAREN
22: Exp -> Call
20: Exp -> Exp BINOP Exp
26: Exp -> TRUE
28: Exp -> NOT Exp
24: Exp -> NUM B
20: Exp -> Exp BINOP Exp
21: Exp -> ID
20: Exp -> Exp BINOP Exp
26: Exp -> TRUE
20: Exp -> Exp BINOP Exp
27: Exp -> FALSE
29: Exp -> Exp AND Exp
24: Exp -> NUM B
24: Exp -> NUM B
20: Exp -> Exp BINOP Exp
21: Exp -> ID
20: Exp -> Exp BINOP Exp
26: Exp -> TRUE
21: Exp -> ID
20: Exp -> Exp BINOP Exp
21: Exp -> ID
31: Exp -> Exp RELOP Exp
29: Exp -> Exp AND Exp
30: Exp -> Exp OR Exp
14: Statement -> CONTINUE SC
24: Exp -> NUM B
27: Exp -> FALSE
20: Exp -> Exp BINOP Exp
26: Exp -> TRUE
19: Exp -> LPAREN Exp RPAREN
15: Call -> ID LPAREN Exp RPAREN
22: Exp -> Call
20: Exp -> Exp BINOP Exp
7: Statement -> ID ASSIGN Exp SC
2: Statements -> Statement
4: Statement -> LBRACE Statements RBRACE
11: Statement -> IF LPAREN Exp RPAREN Statement ELSE Statement
12: Statement -> WHILE LPAREN Exp RPAREN Statement
2: Statements -> Statement
27: Exp -> FALSE
15: Call -> ID LPAREN Exp RPAREN
8: Statement -> Call SC
2: Statements -> Statement
16: Type -> INT
25: Exp -> STRING
6: Statement -> Type ID ASSIGN Exp SC
3: Statements -> Statements Statement
27: Exp -> FALSE
26: Exp -> TRUE
20: Exp -> Exp BINOP Exp
7: Statement -> ID ASSIGN Exp SC
3: Statements -> Statements Statement
25: Exp -> STRING
16: Type -> INT
25: Exp -> STRING
28: Exp -> NOT Exp
6: Statement -> Type ID ASSIGN Exp SC
10: Statement -> IF LPAREN Exp RPAREN Statement
3: Statements -> Statements Statement
9: Statement -> RETURN SC
3: Statements -> Statements Statement
18: Type -> BOOL
5: Statement -> Type ID SC
3: Statements -> Statements Statement
4: Statement -> LBRACE Statements RBRACE
2: Statements -> Statement
23: Exp -> NUM
15: Call -> ID LPAREN Exp RPAREN
8: Statement -> Call SC
3: Statements -> Statements Statement
26: Exp -> TRUE
27: Exp -> FALSE
26: Exp -> TRUE
21: Exp -> ID
18: Type -> BOOL
18: Type -> BOOL
25: Exp -> STRING
32: Exp -> LPAREN Type RPAREN Exp
28: Exp -> NOT Exp
32: Exp -> LPAREN Type RPAREN Exp
20: Exp -> Exp BINOP Exp
29: Exp -> Exp AND Exp
15: Call -> ID LPAREN Exp RPAREN
8: Statement -> Call SC
12: Statement -> WHILE LPAREN Exp RPAREN Statement
23: Exp -> NUM
17: Type -> BYTE
21: Exp -> ID
6: Statement -> Type ID ASSIGN Exp SC
12: Statement -> WHILE LPAREN Exp RPAREN Statement
11: Statement -> IF LPAREN Exp RPAREN Statement ELSE Statement
3: Statements -> Statements Statement
17: Type -> BYTE
5: Statement -> Type ID SC
3: Statements -> Statements Statement
4: Statement -> LBRACE Statements RBRACE
3: Statements -> Statements Statement
4: Statement -> LBRACE Statements RBRACE
2: Statements -> Statement
18: Type -> BOOL
23: Exp -> NUM
6: Statement -> Type ID ASSIGN Exp SC
3: Statements -> Statements Statement
16: Type -> INT
5: Statement -> Type ID SC
3: Statements -> Statements Statement
14: Statement -> CONTINUE SC
3: Statements -> Statements Statement
4: Statement -> LBRACE Statements RBRACE
3: Statements -> Statements Statement
14: Statement -> CONTINUE SC
2: Statements -> Statement
18: Type -> BOOL
5: Statement -> Type ID SC
3: Statements -> Statements Statement
26: Exp -> TRUE
13: Statement -> BREAK SC
10: Statement -> IF LPAREN Exp RPAREN Statement
3: Statements -> Statements Statement
18: Type -> BOOL
5: Statement -> Type ID SC
2: Statements -> Statement
25: Exp -> STRING
23: Exp -> NUM
20: Exp -> Exp BINOP Exp
15: Call -> ID LPAREN Exp RPAREN
8: Statement -> Call SC
3: Statements -> Statements Statement
4: Statement -> LBRACE Statements RBRACE
3: Statements -> Statements Statement
23: Exp -> NUM
15: Call -> ID LPAREN Exp RPAREN
8: Statement -> Call SC
3: Statements -> Statements Statement
13: Statement -> BREAK SC
3: Statements -> Statements Statement
4: Statement -> LBRACE Statements RBRACE
3: Statements -> Statements Statement
14: Statement -> CONTINUE SC
3: Statements -> Statements Statement
14: Statement -> CONTINUE SC
2: Statements -> Statement
4: Statement -> LBRACE Statements RBRACE
3: Statements -> Statements Statement
4: Statement -> LBRACE Statements RBRACE
2: Statements -> Statement
25: Exp -> STRING
25: Exp -> STRING
23: Exp -> NUM
21: Exp -> ID
20: Exp -> Exp BINOP Exp
20: Exp -> Exp BINOP Exp
24: Exp -> NUM B
26: Exp -> TRUE
19: Exp -> LPAREN Exp RPAREN
20: Exp -> Exp BINOP Exp
15: Call -> ID LPAREN Exp RPAREN
22: Exp -> Call
20: Exp -> Exp BINOP Exp
26: Exp -> TRUE
20: Exp -> Exp BINOP Exp
21: Exp -> ID
20: Exp -> Exp BINOP Exp
24: Exp -> NUM B
15: Call -> ID LPAREN Exp RPAREN
22: Exp -> Call
24: Exp -> NUM B
20: Exp -> Exp BINOP Exp
29: Exp -> Exp AND Exp
27: Exp -> FALSE
24: Exp -> NUM B
19: Exp -> LPAREN Exp RPAREN
20: Exp -> Exp BINOP Exp
24: Exp -> NUM B
21: Exp -> ID
20: Exp -> Exp BINOP Exp
25: Exp -> STRING
19: Exp -> LPAREN Exp RPAREN
31: Exp -> Exp RELOP Exp
19: Exp -> LPAREN Exp RPAREN
23: Exp -> NUM
20: Exp -> Exp BINOP Exp
20: Exp -> Exp BINOP Exp
30: Exp -> Exp OR Exp
9: Statement -> RETURN SC
10: Statement -> IF LPAREN Exp RPAREN Statement
12: Statement -> WHILE LPAREN Exp RPAREN Statement
3: Statements -> Statements Statement
17: Type -> BYTE
25: Exp -> STRING
6: Statement -> Type ID ASSIGN Exp SC
3: Statements -> Statements Statement
23: Exp -> NUM
15: Call -> ID LPAREN Exp RPAREN
22: Exp -> Call
27: Exp -> FALSE
20: Exp -> Exp BINOP Exp
19: Exp -> LPAREN Exp RPAREN
14: Statement -> CONTINUE SC
10: Statement -> IF LPAREN Exp RPAREN Statement
3: Statements -> Statements Statement
17: Type -> BYTE
5: Statement -> Type ID SC
3: Statements -> Statements Statement
21: Exp -> ID
16: Type -> INT
25: Exp -> STRING
32: Exp -> LPAREN Type RPAREN Exp
21: Exp -> ID
21: Exp -> ID
20: Exp -> Exp BINOP Exp
23: Exp -> NUM
20: Exp -> Exp BINOP Exp
31: Exp -> Exp RELOP Exp
21: Exp -> ID
28: Exp -> NOT Exp
31: Exp -> Exp RELOP Exp
25: Exp -> STRING
23: Exp -> NUM
21: Exp -> ID
20: Exp -> Exp BINOP Exp
25: Exp -> STRING
28: Exp -> NOT Exp
23: Exp -> NUM
23: Exp -> NUM
30: Exp -> Exp OR Exp
19: Exp -> LPAREN Exp RPAREN
17: Type -> BYTE
21: Exp -> ID
32: Exp -> LPAREN Type RPAREN Exp
20: Exp -> Exp BINOP Exp
24: Exp -> NUM B
20: Exp -> Exp BINOP Exp
31: Exp -> Exp RELOP Exp
31: Exp -> Exp RELOP Exp
29: Exp -> Exp AND Exp
30: Exp -> Exp OR Exp
19: Exp -> LPAREN Exp RPAREN
20: Exp -> Exp BINOP Exp
27: Exp -> FALSE
14: Statement -> CONTINUE SC
10: Statement -> IF LPAREN Exp RPAREN Statement
12: Statement -> WHILE LPAREN Exp RPAREN Statement
3: Statements -> Statements Statement
25: Exp -> STRING
24: Exp -> NUM B
30: Exp -> Exp OR Exp
18: Type -> BOOL
5: Statement -> Type ID SC
16: Type -> INT
27: Exp -> FALSE
32: Exp -> LPAREN Type RPAREN Exp
26: Exp -> TRUE
27: Exp -> FALSE
20: Exp -> Exp BINOP Exp
20: Exp -> Exp BINOP Exp
26: Exp -> TRUE
20: Exp -> Exp BINOP Exp
23: Exp -> NUM
29: Exp -> Exp AND Exp
7: Statement -> ID ASSIGN Exp SC
11: Statement -> IF LPAREN Exp RPAREN Statement ELSE Statement
3: Statements -> Statements Statement
17: Type -> BYTE
23: Exp -> NUM
6: Statement -> Type ID ASSIGN Exp SC
3: Statements -> Statements Statement
16: Type -> INT
25: Exp -> STRING
6: Statement -> Type ID ASSIGN Exp SC
3: Statements -> Statements Statement
17: Type -> BYTE
5: Statement -> Type ID SC
3: Statements -> Statements Statement
23: Exp -> NUM
15: Call -> ID LPAREN Exp RPAREN
8: Statement -> Call SC
3: Statements -> Statements Statement
26: Exp -> TRUE
13: Statement -> BREAK SC
12: Statement -> WHILE LPAREN Exp RPAREN Statement
3: Statements -> Statements Statement
21: Exp -> ID
16: Type -> INT
24: Exp -> NUM B
15: Call -> ID LPAREN Exp RPAREN
22: Exp -> Call
24: Exp -> NUM B
31: Exp -> Exp RELOP Exp
6: Statement -> Type ID ASSIGN Exp SC
2: Statements -> Statement
14: Statement -> CONTINUE SC
3: Statements -> Statements Statement
21: Exp -> ID
17: Type -> BYTE
5: Statement -> Type ID SC
2: Statements -> Statement
4: Statement -> LBRACE Statements RBRACE
17: Type -> BYTE
21: Exp -> ID
27: Exp -> FALSE
20: Exp -> Exp BINOP Exp
21: Exp -> ID
30: Exp -> Exp OR Exp
15: Call -> ID LPAREN Exp RPAREN
22: Exp -> Call
6: Statement -> Type ID ASSIGN Exp SC
11: Statement -> IF LPAREN Exp RPAREN Statement ELSE Statement
3: Statements -> Statements Statement
16: Type -> INT
5: Statement -> Type ID SC
3: Statements -> Statements Statement
27: Exp -> FALSE
7: Statement -> ID ASSIGN Exp SC
3: Statements -> Statements Statement
9: Statement -> RETURN SC
3: Statements -> Statements Statement
4: Statement -> LBRACE Statements RBRACE
10: Statement -> IF LPAREN Exp RPAREN Statement
3: Statements -> Statements Statement
9: Statement -> RETURN SC
3: Statements -> Statements Statement
21: Exp -> ID
28: Exp -> NOT Exp
26: Exp -> TRUE
20: Exp -> Exp BINOP Exp
17: Type -> BYTE
23: Exp -> NUM
32: Exp -> LPAREN Type RPAREN Exp
26: Exp -> TRUE
20: Exp -> Exp BINOP Exp
27: Exp -> FALSE
21: Exp -> ID
20: Exp -> Exp BINOP Exp
25: Exp -> STRING
20: Exp -> Exp BINOP Exp
29: Exp -> Exp AND Exp
9: Statement -> RETURN SC
9: Statement -> RETURN SC
11: Statement -> IF LPAREN Exp RPAREN Statement ELSE Statement
9: Statement -> RETURN SC
11: Statement -> IF LPAREN Exp RPAREN Statement ELSE Statement
3: Statements -> Statements Statement
26: Exp -> TRUE
14: Statement -> CONTINUE SC
12: Statement -> WHILE LPAREN Exp RPAREN Statement
3: Statements -> Statements Statement
9: Statement -> RETURN SC
3: Statements -> Statements Statement
17: Type -> BYTE
24: Exp -> NUM B
23: Exp -> NUM
27: Exp -> FALSE
28: Exp -> NOT Exp
20: Exp -> Exp BINOP Exp
20: Exp -> Exp BINOP Exp
6: Statement -> Type ID ASSIGN Exp SC
3: Statements -> Statements Statement
21: Exp -> ID
23: Exp -> NUM
20: Exp -> Exp BINOP Exp
24: Exp -> NUM B
31: Exp -> Exp RELOP Exp
23: Exp -> NUM
26: Exp -> TRUE
20: Exp -> Exp BINOP Exp
27: Exp -> FALSE
20: Exp -> Exp BINOP Exp
30: Exp -> Exp OR Exp
7: Statement -> ID ASSIGN Exp SC
3: Statements -> Statements Statement
18: Type -> BOOL
21: Exp -> ID
16: Type -> INT
25: Exp -> STRING
32: Exp -> LPAREN Type RPAREN Exp
21: Exp -> ID
20: Exp -> Exp BINOP Exp
30: Exp -> Exp OR Exp
27: Exp -> FALSE
26: Exp -> TRUE
20: Exp -> Exp BINOP Exp
30: Exp -> Exp OR Exp
6: Statement -> Type ID ASSIGN Exp SC
3: Statements -> Statements Statement
16: Type -> INT
25: Exp -> STRING
6: Statement -> Type ID ASSIGN Exp SC
3: Statements -> Statements Statement
27: Exp -> FALSE
27: Exp -> FALSE
24: Exp -> NUM B
26: Exp -> TRUE
19: Exp -> LPAREN Exp RPAREN
31: Exp -> Exp RELOP Exp
15: Call -> ID LPAREN Exp RPAREN
22: Exp -> Call
28: Exp -> NOT Exp
20: Exp -> Exp BINOP Exp
7: Statement -> ID ASSIGN Exp SC
10: Statement -> IF LPAREN Exp RPAREN Statement
3: Statements -> Statements Statement
21: Exp -> ID
21: Exp -> ID
15: Call -> ID LPAREN Exp RPAREN
22: Exp -> Call
19: Exp -> LPAREN Exp RPAREN
21: Exp -> ID
31: Exp -> Exp RELOP Exp
29: Exp -> Exp AND Exp
16: Type -> INT
23: Exp -> NUM
28: Exp -> NOT Exp
6: Statement -> Type ID ASSIGN Exp SC
10: Statement -> IF LPAREN Exp RPAREN Statement
3: Statements -> Statements Statement
25: Exp -> STRING
26: Exp -> TRUE
20: Exp -> Exp BINOP Exp
15: Call -> ID LPAREN Exp RPAREN
22: Exp -> Call
18: Type -> BOOL
5: Statement -> Type ID SC
10: Statement -> IF LPAREN Exp RPAREN Statement
3: Statements -> Statements Statement
9: Statement -> RETURN SC
2: Statements -> Statement
24: Exp -> NUM B
7: Statement -> ID ASSIGN Exp SC
3: Statements -> Statements Statement
21: Exp -> ID
7: Statement -> ID ASSIGN Exp SC
3: Statements -> Statements Statement
14: Statement -> CONTINUE SC
3: Statements -> Statements Statement
25: Exp -> STRING
26: Exp -> TRUE
15: Call -> ID LPAREN Exp RPAREN
22: Exp -> Call
7: Statement -> ID ASSIGN Exp SC
13: Statement -> BREAK SC
11: Statement -> IF LPAREN Exp RPAREN Statement ELSE Statement
3: Statements -> Statements Statement
17: Type -> BYTE
21: Exp -> ID
6: Statement -> Type ID ASSIGN Exp SC
3: Statements -> Statements Statement
21: Exp -> ID
15: Call -> ID LPAREN Exp RPAREN
8: Statement -> Call SC
2: Statements -> Statement
14: Statement -> CONTINUE SC
3: Statements -> Statements Statement
24: Exp -> NUM B
7: Statement -> ID ASSIGN Exp SC
3: Statements -> Statements Statement
13: Statement -> BREAK SC
3: Statements -> Statements Statement
25: Exp -> STRING
15: Call -> ID LPAREN Exp RPAREN
8: Statement -> Call SC
3: Statements -> Statements Statement
14: Statement -> CONTINUE SC
3: Statements -> Statements Statement
9: Statement -> RETURN SC
2: Statements -> Statement
21: Exp -> ID
15: Call -> ID LPAREN Exp RPAREN
8: Statement -> Call SC
3: Statements -> Statements Statement
13: Statement -> BREAK SC
3: Statements -> Statements Statement
16: Type -> INT
21: Exp -> ID
6: Statement -> Type ID ASSIGN Exp SC
3: Statements -> Statements Statement
27: Exp -> FALSE
15: Call -> ID LPAREN Exp RPAREN
8: Statement -> Call SC
3: Statements -> Statements Statement
26: Exp -> TRUE
18: Type -> BOOL
5: Statement -> Type ID SC
10: Statement -> IF LPAREN Exp RPAREN Statement
3: Statements -> Statements Statement
4: Statement -> LBRACE Statements RBRACE
3: Statements -> Statements Statement
27: Exp -> FALSE
15: Call -> ID LPAREN Exp RPAREN
8: Statement -> Call SC
3: Statements -> Statements Statement
14: Statement -> CONTINUE SC
3: Statements -> Statements Statement
13: Statement -> BREAK SC
3: Statements -> Statements Statement
23: Exp -> NUM
24: Exp -> NUM B
27: Exp -> FALSE
23: Exp -> NUM
19: Exp -> LPAREN Exp RPAREN
20: Exp -> Exp BINOP Exp
19: Exp -> LPAREN Exp RPAREN
25: Exp -> STRING
20: Exp -> Exp BINOP Exp
29: Exp -> Exp AND Exp
30: Exp -> Exp OR Exp
15: Call -> ID LPAREN Exp RPAREN
22: Exp -> Call
19: Exp -> LPAREN Exp RPAREN
13: Statement -> BREAK SC
2: Statements -> Statement
23: Exp -> NUM
17: Type -> BYTE
5: Statement -> Type ID SC
14: Statement -> CONTINUE SC
11: Statement -> IF LPAREN Exp RPAREN Statement ELSE Statement
3: Statements -> Statements Statement
23: Exp -> NUM
15: Call -> ID LPAREN Exp RPAREN
22: Exp -> Call
27: Exp -> FALSE
20: Exp -> Exp BINOP Exp
7: Statement -> ID ASSIGN Exp SC
3: Statements -> Statements Statement
4: Statement -> LBRACE Statements RBRACE
12: Statement -> WHILE LPAREN Exp RPAREN Statement
3: Statements -> Statements Statement
14: Statement -> CONTINUE SC
3: Statements -> Statements Statement
17: Type -> BYTE
25: Exp -> STRING
26: Exp -> TRUE
20: Exp -> Exp BINOP Exp
19: Exp -> LPAREN Exp RPAREN
6: Statement -> Type ID ASSIGN Exp SC
3: Statements -> Statements Statement
13: Statement -> BREAK SC
3: Statements -> Statements Statement
27: Exp -> FALSE
15: Call -> ID LPAREN Exp RPAREN
22: Exp -> Call
7: Statement -> ID ASSIGN Exp SC
3: Statements -> Statements Statement
4: Statement -> LBRACE Statements RBRACE
3: Statements -> Statements Statement
17: Type -> BYTE
21: Exp -> ID
6: Statement -> Type ID ASSIGN Exp SC
3: Statements -> Statements Statement
13: Statement -> BREAK SC
3: Statements -> Statements Statement
16: Type -> INT
5: Statement -> Type ID SC
3: Statements -> Statements Statement
9: Statement -> RETURN SC
3: Statements -> Statements Statement
14: Statement -> CONTINUE SC
3: Statements -> Statements Statement
13: Statement -> BREAK SC
3: Statements -> Statements Statement
4: Statement -> LBRACE Statements RBRACE
3: Statements -> Statements Statement
14: Statement -> CONTINUE SC
3: Statements -> Statements Statement
17: Type -> BYTE
5: Statement -> Type ID SC
3: Statements -> Statements Statement
25: Exp -> STRING
25: Exp -> STRING
29: Exp -> Exp AND Exp
23: Exp -> NUM
24: Exp -> NUM B
15: Call -> ID LPAREN Exp RPAREN
8: Statement -> Call SC
9: Statement -> RETURN SC
11: Statement -> IF LPAREN Exp RPAREN Statement ELSE Statement
2: Statements -> Statement
18: Type -> BOOL
27: Exp -> FALSE
32: Exp -> LPAREN Type RPAREN Exp
26: Exp -> TRUE
15: Call -> ID LPAREN Exp RPAREN
22: Exp -> Call
31: Exp -> Exp RELOP Exp
26: Exp -> TRUE
29: Exp -> Exp AND Exp
17: Type -> BYTE
26: Exp -> TRUE
16: Type -> INT
21: Exp -> ID
32: Exp -> LPAREN Type RPAREN Exp
15: Call -> ID LPAREN Exp RPAREN
22: Exp -> Call
29: Exp -> Exp AND Exp
6: Statement -> Type ID ASSIGN Exp SC
25: Exp -> STRING
7: Statement -> ID ASSIGN Exp SC
11: Statement -> IF LPAREN Exp RPAREN Statement ELSE Statement
3: Statements -> Statements Statement
4: Statement -> LBRACE Statements RBRACE
12: Statement -> WHILE LPAREN Exp RPAREN Statement
3: Statements -> Statements Statement
9: Statement -> RETURN SC
3: Statements -> Statements Statement
9: Statement -> RETURN SC
3: Statements -> Statements Statement
26: Exp -> TRUE
21: Exp -> ID
20: Exp -> Exp BINOP Exp
15: Call -> ID LPAREN Exp RPAREN
8: Statement -> Call SC
3: Statements -> Statements Statement
13: Statement -> BREAK SC
2: Statements -> Statement
4: Statement -> LBRACE Statements RBRACE
3: Statements -> Statements Statement
21: Exp -> ID
18: Type -> BOOL
27: Exp -> FALSE
32: Exp -> LPAREN Type RPAREN Exp
7: Statement -> ID ASSIGN Exp SC
10: Statement -> IF LPAREN Exp RPAREN Statement
2: Statements -> Statement
17: Type -> BYTE
5: Statement -> Type ID SC
3: Statements -> Statements Statement
4: Statement -> LBRACE Statements RBRACE
3: Statements -> Statements Statement
17: Type -> BYTE
25: Exp -> STRING
6: Statement -> Type ID ASSIGN Exp SC
3: Statements -> Statements Statement
17: Type -> BYTE
23: Exp -> NUM
21: Exp -> ID
20: Exp -> Exp BINOP Exp
6: Statement -> Type ID ASSIGN Exp SC
3: Statements -> Statements Statement
23: Exp -> NUM
27: Exp -> FALSE
15: Call -> ID LPAREN Exp RPAREN
22: Exp -> Call
20: Exp -> Exp BINOP Exp
27: Exp -> FALSE
21: Exp -> ID
23: Exp -> NUM
27: Exp -> FALSE
20: Exp -> Exp BINOP Exp
17: Type -> BYTE
21: Exp -> ID
32: Exp -> LPAREN Type RPAREN Exp
16: Type -> INT
16: Type -> INT
24: Exp -> NUM B
32: Exp -> LPAREN Type RPAREN Exp
32: Exp -> LPAREN Type RPAREN Exp
20: Exp -> Exp BINOP Exp
15: Call -> ID LPAREN Exp RPAREN
22: Exp -> Call
15: Call -> ID LPAREN Exp RPAREN
8: Statement -> Call SC
18: Type -> BOOL
16: Type -> INT
24: Exp -> NUM B
32: Exp -> LPAREN Type RPAREN Exp
24: Exp -> NUM B
20: Exp -> Exp BINOP Exp
16: Type -> INT
24: Exp -> NUM B
32: Exp -> LPAREN Type RPAREN Exp
26: Exp -> TRUE
20: Exp -> Exp BINOP Exp
20: Exp -> Exp BINOP Exp
6: Statement -> Type ID ASSIGN Exp SC
11: Statement -> IF LPAREN Exp RPAREN Statement ELSE Statement
10: Statement -> IF LPAREN Exp RPAREN Statement
10: Statement -> IF LPAREN Exp RPAREN Statement
2: Statements -> Statement
25: Exp -> STRING
7: Statement -> ID ASSIGN Exp SC
3: Statements -> Statements Statement
26: Exp -> TRUE
14: Statement -> CONTINUE SC
12: Statement -> WHILE LPAREN Exp RPAREN Statement
3: Statements -> Statements Statement
26: Exp -> TRUE
28: Exp -> NOT Exp
24: Exp -> NUM B
29: Exp -> Exp AND Exp
7: Statement -> ID ASSIGN Exp SC
3: Statements -> Statements Statement
18: Type -> BOOL
21: Exp -> ID
6: Statement -> Type ID ASSIGN Exp SC
3: Statements -> Statements Statement
27: Exp -> FALSE
28: Exp -> NOT Exp
19: Exp -> LPAREN Exp RPAREN
25: Exp -> STRING
7: Statement -> ID ASSIGN Exp SC
18: Type -> BOOL
24: Exp -> NUM B
27: Exp -> FALSE
28: Exp -> NOT Exp
29: Exp -> Exp AND Exp
15: Call -> ID LPAREN Exp RPAREN
22: Exp -> Call
19: Exp -> LPAREN Exp RPAREN
27: Exp -> FALSE
24: Exp -> NUM B
20: Exp -> Exp BINOP Exp
23: Exp -> NUM
24: Exp -> NUM B
20: Exp -> Exp BINOP Exp
29: Exp -> Exp AND Exp
19: Exp -> LPAREN Exp RPAREN
24: Exp -> NUM B
20: Exp -> Exp BINOP Exp
31: Exp -> Exp RELOP Exp
18: Type -> BOOL
21: Exp -> ID
28: Exp -> NOT Exp
19: Exp -> LPAREN Exp RPAREN
32: Exp -> LPAREN Type RPAREN Exp
31: Exp -> Exp RELOP Exp
21: Exp -> ID
25: Exp -> STRING
20: Exp -> Exp BINOP Exp
31: Exp -> Exp RELOP Exp
26: Exp -> TRUE
19: Exp -> LPAREN Exp RPAREN
27: Exp -> FALSE
26: Exp -> TRUE
29: Exp -> Exp AND Exp
15: Call -> ID LPAREN Exp RPAREN
22: Exp -> Call
29: Exp -> Exp AND Exp
30: Exp -> Exp OR Exp
6: Statement -> Type ID ASSIGN Exp SC
11: Statement -> IF LPAREN Exp RPAREN Statement ELSE Statement
3: Statements -> Statements Statement
21: Exp -> ID
21: Exp -> ID
20: Exp -> Exp BINOP Exp
18: Type -> BOOL
5: Statement -> Type ID SC
23: Exp -> NUM
28: Exp -> NOT Exp
21: Exp -> ID
23: Exp -> NUM
20: Exp -> Exp BINOP Exp
19: Exp -> LPAREN Exp RPAREN
23: Exp -> NUM
20: Exp -> Exp BINOP Exp
18: Type -> BOOL
25: Exp -> STRING
6: Statement -> Type ID ASSIGN Exp SC
12: Statement -> WHILE LPAREN Exp RPAREN Statement
10: Statement -> IF LPAREN Exp RPAREN Statement
11: Statement -> IF LPAREN Exp RPAREN Statement ELSE Statement
3: Statements -> Statements Statement
13: Statement -> BREAK SC
3: Statements -> Statements Statement
4: Statement -> LBRACE Statements RBRACE
12: Statement -> WHILE LPAREN Exp RPAREN Statement
3: Statements -> Statements Statement
14: Statement -> CONTINUE SC
3: Statements -> Statements Statement
23: Exp -> NUM
24: Exp -> NUM B
19: Exp -> LPAREN Exp RPAREN
28: Exp -> NOT Exp
21: Exp -> ID
21: Exp -> ID
20: Exp -> Exp BINOP Exp
23: Exp -> NUM
26: Exp -> TRUE
20: Exp -> Exp BINOP Exp
26: Exp -> TRUE
29: Exp -> Exp AND Exp
30: Exp -> Exp OR Exp
19: Exp -> LPAREN Exp RPAREN
20: Exp -> Exp BINOP Exp
line 241: syntax error
