14: Statement -> CONTINUE SC
2: Statements -> Statement
16: Type -> INT
25: Exp -> STRING
32: Exp -> LPAREN Type RPAREN Exp
21: Exp -> ID
30: Exp -> Exp OR Exp
line 7: syntax error
