16: Type -> INT
27: Exp -> FALSE
6: Statement -> Type ID ASSIGN Exp SC
2: Statements -> Statement
14: Statement -> CONTINUE SC
3: Statements -> Statements Statement
1: Program -> Statements
line 18: syntax error
