23: Exp -> NUM
27: Exp -> FALSE
25: Exp -> STRING
20: Exp -> Exp BINOP Exp
23: Exp -> NUM
20: Exp -> Exp BINOP Exp
23: Exp -> NUM
28: Exp -> NOT Exp
23: Exp -> NUM
19: Exp -> LPAREN Exp RPAREN
28: Exp -> NOT Exp
20: Exp -> Exp BINOP Exp
29: Exp -> Exp AND Exp
26: Exp -> TRUE
29: Exp -> Exp AND Exp
21: Exp -> ID
30: Exp -> Exp OR Exp
line 56: syntax error
