9: Statement -> RETURN SC
2: Statements -> Statement
14: Statement -> CONTINUE SC
3: Statements -> Statements Statement
14: Statement -> CONTINUE SC
3: Statements -> Statements Statement
16: Type -> INT
24: Exp -> NUM B
21: Exp -> ID
20: Exp -> Exp BINOP Exp
21: Exp -> ID
20: Exp -> Exp BINOP Exp
27: Exp -> FALSE
29: Exp -> Exp AND Exp
6: Statement -> Type ID ASSIGN Exp SC
3: Statements -> Statements Statement
9: Statement -> RETURN SC
3: Statements -> Statements Statement
21: Exp -> ID
21: Exp -> ID
24: Exp -> NUM B
23: Exp -> NUM
20: Exp -> Exp BINOP Exp
17: Type -> BYTE
23: Exp -> NUM
6: Statement -> Type ID ASSIGN Exp SC
17: Type -> BYTE
23: Exp -> NUM
23: Exp -> NUM
20: Exp -> Exp BINOP Exp
6: Statement -> Type ID ASSIGN Exp SC
11: Statement -> IF LPAREN Exp RPAREN Statement ELSE Statement
14: Statement -> CONTINUE SC
11: Statement -> IF LPAREN Exp RPAREN Statement ELSE Statement
12: Statement -> WHILE LPAREN Exp RPAREN Statement
3: Statements -> Statements Statement
16: Type -> INT
24: Exp -> NUM B
19: Exp -> LPAREN Exp RPAREN
27: Exp -> FALSE
31: Exp -> Exp RELOP Exp
15: Call -> ID LPAREN Exp RPAREN
22: Exp -> Call
6: Statement -> Type ID ASSIGN Exp SC
3: Statements -> Statements Statement
26: Exp -> TRUE
17: Type -> BYTE
24: Exp -> NUM B
6: Statement -> Type ID ASSIGN Exp SC
12: Statement -> WHILE LPAREN Exp RPAREN Statement
3: Statements -> Statements Statement
17: Type -> BYTE
25: Exp -> STRING
32: Exp -> LPAREN Type RPAREN Exp
26: Exp -> TRUE
20: Exp -> Exp BINOP Exp
15: Call -> ID LPAREN Exp RPAREN
22: Exp -> Call
14: Statement -> CONTINUE SC
10: Statement -> IF LPAREN Exp RPAREN Statement
3: Statements -> Statements Statement
9: Statement -> RETURN SC
3: Statements -> Statements Statement
25: Exp -> STRING
18: Type -> BOOL
5: Statement -> Type ID SC
10: Statement -> IF LPAREN Exp RPAREN Statement
3: Statements -> Statements Statement
25: Exp -> STRING
16: Type -> INT
24: Exp -> NUM B
32: Exp -> LPAREN Type RPAREN Exp
20: Exp -> Exp BINOP Exp
23: Exp -> NUM
23: Exp -> NUM
20: Exp -> Exp BINOP Exp
23: Exp -> NUM
20: Exp -> Exp BINOP Exp
24: Exp -> NUM B
31: Exp -> Exp RELOP Exp
29: Exp -> Exp AND Exp
25: Exp -> STRING
25: Exp -> STRING
19: Exp -> LPAREN Exp RPAREN
24: Exp -> NUM B
23: Exp -> NUM
31: Exp -> Exp RELOP Exp
17: Type -> BYTE
26: Exp -> TRUE
32: Exp -> LPAREN Type RPAREN Exp
27: Exp -> FALSE
24: Exp -> NUM B
20: Exp -> Exp BINOP Exp
21: Exp -> ID
20: Exp -> Exp BINOP Exp
30: Exp -> Exp OR Exp
15: Call -> ID LPAREN Exp RPAREN
22: Exp -> Call
31: Exp -> Exp RELOP Exp
23: Exp -> NUM
27: Exp -> FALSE
29: Exp -> Exp AND Exp
30: Exp -> Exp OR Exp
26: Exp -> TRUE
25: Exp -> STRING
28: Exp -> NOT Exp
20: Exp -> Exp BINOP Exp
18: Type -> BOOL
18: Type -> BOOL
27: Exp -> FALSE
32: Exp -> LPAREN Type RPAREN Exp
32: Exp -> LPAREN Type RPAREN Exp
27: Exp -> FALSE
20: Exp -> Exp BINOP Exp
20: Exp -> Exp BINOP Exp
17: Type -> BYTE
24: Exp -> NUM B
32: Exp -> LPAREN Type RPAREN Exp
31: Exp -> Exp RELOP Exp
23: Exp -> NUM
15: Call -> ID LPAREN Exp RPAREN
22: Exp -> Call
31: Exp -> Exp RELOP Exp
30: Exp -> Exp OR Exp
19: Exp -> LPAREN Exp RPAREN
24: Exp -> NUM B
20: Exp -> Exp BINOP Exp
30: Exp -> Exp OR Exp
26: Exp -> TRUE
30: Exp -> Exp OR Exp
15: Call -> ID LPAREN Exp RPAREN
22: Exp -> Call
29: Exp -> Exp AND Exp
19: Exp -> LPAREN Exp RPAREN
15: Call -> ID LPAREN Exp RPAREN
22: Exp -> Call
28: Exp -> NOT Exp
14: Statement -> CONTINUE SC
10: Statement -> IF LPAREN Exp RPAREN Statement
12: Statement -> WHILE LPAREN Exp RPAREN Statement
2: Statements -> Statement
21: Exp -> ID
15: Call -> ID LPAREN Exp RPAREN
8: Statement -> Call SC
3: Statements -> Statements Statement
14: Statement -> CONTINUE SC
3: Statements -> Statements Statement
4: Statement -> LBRACE Statements RBRACE
3: Statements -> Statements Statement
13: Statement -> BREAK SC
2: Statements -> Statement
4: Statement -> LBRACE Statements RBRACE
3: Statements -> Statements Statement
27: Exp -> FALSE
24: Exp -> NUM B
28: Exp -> NOT Exp
26: Exp -> TRUE
15: Call -> ID LPAREN Exp RPAREN
22: Exp -> Call
20: Exp -> Exp BINOP Exp
27: Exp -> FALSE
19: Exp -> LPAREN Exp RPAREN
23: Exp -> NUM
20: Exp -> Exp BINOP Exp
20: Exp -> Exp BINOP Exp
31: Exp -> Exp RELOP Exp
7: Statement -> ID ASSIGN Exp SC
3: Statements -> Statements Statement
13: Statement -> BREAK SC
3: Statements -> Statements Statement
21: Exp -> ID
28: Exp -> NOT Exp
16: Type -> INT
24: Exp -> NUM B
6: Statement -> Type ID ASSIGN Exp SC
10: Statement -> IF LPAREN Exp RPAREN Statement
3: Statements -> Statements Statement
25: Exp -> STRING
14: Statement -> CONTINUE SC
10: Statement -> IF LPAREN Exp RPAREN Statement
3: Statements -> Statements Statement
25: Exp -> STRING
24: Exp -> NUM B
28: Exp -> NOT Exp
7: Statement -> ID ASSIGN Exp SC
10: Statement -> IF LPAREN Exp RPAREN Statement
3: Statements -> Statements Statement
26: Exp -> TRUE
15: Call -> ID LPAREN Exp RPAREN
8: Statement -> Call SC
3: Statements -> Statements Statement
24: Exp -> NUM B
21: Exp -> ID
20: Exp -> Exp BINOP Exp
25: Exp -> STRING
23: Exp -> NUM
26: Exp -> TRUE
28: Exp -> NOT Exp
20: Exp -> Exp BINOP Exp
24: Exp -> NUM B
21: Exp -> ID
28: Exp -> NOT Exp
20: Exp -> Exp BINOP Exp
23: Exp -> NUM
20: Exp -> Exp BINOP Exp
31: Exp -> Exp RELOP Exp
29: Exp -> Exp AND Exp
line 51: syntax error
