13: Statement -> BREAK SC
2: Statements -> Statement
24: Exp -> NUM B
23: Exp -> NUM
20: Exp -> Exp BINOP Exp
7: Statement -> ID ASSIGN Exp SC
3: Statements -> Statements Statement
1: Program -> Statements
line 18: syntax error
