9: Statement -> RETURN SC
2: Statements -> Statement
9: Statement -> RETURN SC
3: Statements -> Statements Statement
14: Statement -> CONTINUE SC
3: Statements -> Statements Statement
13: Statement -> BREAK SC
3: Statements -> Statements Statement
14: Statement -> CONTINUE SC
3: Statements -> Statements Statement
21: Exp -> ID
21: Exp -> ID
19: Exp -> LPAREN Exp RPAREN
20: Exp -> Exp BINOP Exp
7: Statement -> ID ASSIGN Exp SC
3: Statements -> Statements Statement
17: Type -> BYTE
26: Exp -> TRUE
6: Statement -> Type ID ASSIGN Exp SC
3: Statements -> Statements Statement
25: Exp -> STRING
25: Exp -> STRING
31: Exp -> Exp RELOP Exp
25: Exp -> STRING
27: Exp -> FALSE
7: Statement -> ID ASSIGN Exp SC
line 49: lexical error
