21: Exp -> ID
17: Type -> BYTE
24: Exp -> NUM B
32: Exp -> LPAREN Type RPAREN Exp
20: Exp -> Exp BINOP Exp
21: Exp -> ID
31: Exp -> Exp RELOP Exp
15: Call -> ID LPAREN Exp RPAREN
8: Statement -> Call SC
2: Statements -> Statement
24: Exp -> NUM B
15: Call -> ID LPAREN Exp RPAREN
8: Statement -> Call SC
3: Statements -> Statements Statement
17: Type -> BYTE
24: Exp -> NUM B
6: Statement -> Type ID ASSIGN Exp SC
3: Statements -> Statements Statement
27: Exp -> FALSE
21: Exp -> ID
7: Statement -> ID ASSIGN Exp SC
10: Statement -> IF LPAREN Exp RPAREN Statement
3: Statements -> Statements Statement
16: Type -> INT
24: Exp -> NUM B
32: Exp -> LPAREN Type RPAREN Exp
26: Exp -> TRUE
13: Statement -> BREAK SC
26: Exp -> TRUE
27: Exp -> FALSE
20: Exp -> Exp BINOP Exp
21: Exp -> ID
19: Exp -> LPAREN Exp RPAREN
19: Exp -> LPAREN Exp RPAREN
18: Type -> BOOL
24: Exp -> NUM B
32: Exp -> LPAREN Type RPAREN Exp
20: Exp -> Exp BINOP Exp
31: Exp -> Exp RELOP Exp
15: Call -> ID LPAREN Exp RPAREN
8: Statement -> Call SC
11: Statement -> IF LPAREN Exp RPAREN Statement ELSE Statement
10: Statement -> IF LPAREN Exp RPAREN Statement
3: Statements -> Statements Statement
9: Statement -> RETURN SC
2: Statements -> Statement
4: Statement -> LBRACE Statements RBRACE
3: Statements -> Statements Statement
line 69: syntax error
