26: Exp -> TRUE
15: Call -> ID LPAREN Exp RPAREN
8: Statement -> Call SC
2: Statements -> Statement
16: Type -> INT
25: Exp -> STRING
32: Exp -> LPAREN Type RPAREN Exp
9: Statement -> RETURN SC
27: Exp -> FALSE
15: Call -> ID LPAREN Exp RPAREN
22: Exp -> Call
23: Exp -> NUM
20: Exp -> Exp BINOP Exp
25: Exp -> STRING
25: Exp -> STRING
20: Exp -> Exp BINOP Exp
27: Exp -> FALSE
19: Exp -> LPAREN Exp RPAREN
23: Exp -> NUM
20: Exp -> Exp BINOP Exp
23: Exp -> NUM
19: Exp -> LPAREN Exp RPAREN
29: Exp -> Exp AND Exp
21: Exp -> ID
30: Exp -> Exp OR Exp
line 46: syntax error
