27: Exp -> FALSE
21: Exp -> ID
25: Exp -> STRING
26: Exp -> TRUE
28: Exp -> NOT Exp
15: Call -> ID LPAREN Exp RPAREN
22: Exp -> Call
20: Exp -> Exp BINOP Exp
31: Exp -> Exp RELOP Exp
30: Exp -> Exp OR Exp
27: Exp -> FALSE
17: Type -> BYTE
25: Exp -> STRING
25: Exp -> STRING
17: Type -> BYTE
26: Exp -> TRUE
32: Exp -> LPAREN Type RPAREN Exp
20: Exp -> Exp BINOP Exp
30: Exp -> Exp OR Exp
23: Exp -> NUM
30: Exp -> Exp OR Exp
19: Exp -> LPAREN Exp RPAREN
28: Exp -> NOT Exp
32: Exp -> LPAREN Type RPAREN Exp
27: Exp -> FALSE
31: Exp -> Exp RELOP Exp
23: Exp -> NUM
23: Exp -> NUM
20: Exp -> Exp BINOP Exp
31: Exp -> Exp RELOP Exp
15: Call -> ID LPAREN Exp RPAREN
8: Statement -> Call SC
12: Statement -> WHILE LPAREN Exp RPAREN Statement
10: Statement -> IF LPAREN Exp RPAREN Statement
2: Statements -> Statement
23: Exp -> NUM
17: Type -> BYTE
25: Exp -> STRING
25: Exp -> STRING
20: Exp -> Exp BINOP Exp
27: Exp -> FALSE
29: Exp -> Exp AND Exp
15: Call -> ID LPAREN Exp RPAREN
22: Exp -> Call
32: Exp -> LPAREN Type RPAREN Exp
18: Type -> BOOL
27: Exp -> FALSE
25: Exp -> STRING
20: Exp -> Exp BINOP Exp
21: Exp -> ID
26: Exp -> TRUE
20: Exp -> Exp BINOP Exp
23: Exp -> NUM
29: Exp -> Exp AND Exp
30: Exp -> Exp OR Exp
6: Statement -> Type ID ASSIGN Exp SC
24: Exp -> NUM B
9: Statement -> RETURN SC
10: Statement -> IF LPAREN Exp RPAREN Statement
2: Statements -> Statement
4: Statement -> LBRACE Statements RBRACE
11: Statement -> IF LPAREN Exp RPAREN Statement ELSE Statement
27: Exp -> FALSE
26: Exp -> TRUE
15: Call -> ID LPAREN Exp RPAREN
8: Statement -> Call SC
12: Statement -> WHILE LPAREN Exp RPAREN Statement
11: Statement -> IF LPAREN Exp RPAREN Statement ELSE Statement
3: Statements -> Statements Statement
21: Exp -> ID
27: Exp -> FALSE
20: Exp -> Exp BINOP Exp
17: Type -> BYTE
23: Exp -> NUM
6: Statement -> Type ID ASSIGN Exp SC
12: Statement -> WHILE LPAREN Exp RPAREN Statement
3: Statements -> Statements Statement
9: Statement -> RETURN SC
3: Statements -> Statements Statement
24: Exp -> NUM B
15: Call -> ID LPAREN Exp RPAREN
22: Exp -> Call
13: Statement -> BREAK SC
13: Statement -> BREAK SC
11: Statement -> IF LPAREN Exp RPAREN Statement ELSE Statement
3: Statements -> Statements Statement
9: Statement -> RETURN SC
2: Statements -> Statement
4: Statement -> LBRACE Statements RBRACE
3: Statements -> Statements Statement
14: Statement -> CONTINUE SC
3: Statements -> Statements Statement
9: Statement -> RETURN SC
3: Statements -> Statements Statement
9: Statement -> RETURN SC
2: Statements -> Statement
23: Exp -> NUM
15: Call -> ID LPAREN Exp RPAREN
22: Exp -> Call
24: Exp -> NUM B
20: Exp -> Exp BINOP Exp
7: Statement -> ID ASSIGN Exp SC
3: Statements -> Statements Statement
17: Type -> BYTE
23: Exp -> NUM
18: Type -> BOOL
26: Exp -> TRUE
32: Exp -> LPAREN Type RPAREN Exp
19: Exp -> LPAREN Exp RPAREN
20: Exp -> Exp BINOP Exp
15: Call -> ID LPAREN Exp RPAREN
22: Exp -> Call
15: Call -> ID LPAREN Exp RPAREN
22: Exp -> Call
6: Statement -> Type ID ASSIGN Exp SC
3: Statements -> Statements Statement
21: Exp -> ID
24: Exp -> NUM B
24: Exp -> NUM B
26: Exp -> TRUE
26: Exp -> TRUE
30: Exp -> Exp OR Exp
15: Call -> ID LPAREN Exp RPAREN
8: Statement -> Call SC
10: Statement -> IF LPAREN Exp RPAREN Statement
12: Statement -> WHILE LPAREN Exp RPAREN Statement
10: Statement -> IF LPAREN Exp RPAREN Statement
3: Statements -> Statements Statement
4: Statement -> LBRACE Statements RBRACE
3: Statements -> Statements Statement
27: Exp -> FALSE
23: Exp -> NUM
15: Call -> ID LPAREN Exp RPAREN
22: Exp -> Call
25: Exp -> STRING
21: Exp -> ID
7: Statement -> ID ASSIGN Exp SC
24: Exp -> NUM B
23: Exp -> NUM
16: Type -> INT
16: Type -> INT
27: Exp -> FALSE
32: Exp -> LPAREN Type RPAREN Exp
32: Exp -> LPAREN Type RPAREN Exp
17: Type -> BYTE
18: Type -> BOOL
21: Exp -> ID
32: Exp -> LPAREN Type RPAREN Exp
32: Exp -> LPAREN Type RPAREN Exp
20: Exp -> Exp BINOP Exp
20: Exp -> Exp BINOP Exp
21: Exp -> ID
25: Exp -> STRING
20: Exp -> Exp BINOP Exp
31: Exp -> Exp RELOP Exp
30: Exp -> Exp OR Exp
9: Statement -> RETURN SC
10: Statement -> IF LPAREN Exp RPAREN Statement
11: Statement -> IF LPAREN Exp RPAREN Statement ELSE Statement
10: Statement -> IF LPAREN Exp RPAREN Statement
10: Statement -> IF LPAREN Exp RPAREN Statement
3: Statements -> Statements Statement
27: Exp -> FALSE
15: Call -> ID LPAREN Exp RPAREN
8: Statement -> Call SC
3: Statements -> Statements Statement
27: Exp -> FALSE
15: Call -> ID LPAREN Exp RPAREN
8: Statement -> Call SC
3: Statements -> Statements Statement
18: Type -> BOOL
21: Exp -> ID
32: Exp -> LPAREN Type RPAREN Exp
25: Exp -> STRING
20: Exp -> Exp BINOP Exp
16: Type -> INT
5: Statement -> Type ID SC
9: Statement -> RETURN SC
11: Statement -> IF LPAREN Exp RPAREN Statement ELSE Statement
3: Statements -> Statements Statement
13: Statement -> BREAK SC
3: Statements -> Statements Statement
14: Statement -> CONTINUE SC
3: Statements -> Statements Statement
14: Statement -> CONTINUE SC
3: Statements -> Statements Statement
14: Statement -> CONTINUE SC
3: Statements -> Statements Statement
17: Type -> BYTE
27: Exp -> FALSE
28: Exp -> NOT Exp
6: Statement -> Type ID ASSIGN Exp SC
2: Statements -> Statement
4: Statement -> LBRACE Statements RBRACE
2: Statements -> Statement
24: Exp -> NUM B
15: Call -> ID LPAREN Exp RPAREN
8: Statement -> Call SC
3: Statements -> Statements Statement
26: Exp -> TRUE
27: Exp -> FALSE
28: Exp -> NOT Exp
21: Exp -> ID
20: Exp -> Exp BINOP Exp
24: Exp -> NUM B
25: Exp -> STRING
20: Exp -> Exp BINOP Exp
20: Exp -> Exp BINOP Exp
23: Exp -> NUM
20: Exp -> Exp BINOP Exp
27: Exp -> FALSE
23: Exp -> NUM
20: Exp -> Exp BINOP Exp
21: Exp -> ID
15: Call -> ID LPAREN Exp RPAREN
22: Exp -> Call
20: Exp -> Exp BINOP Exp
23: Exp -> NUM
20: Exp -> Exp BINOP Exp
30: Exp -> Exp OR Exp
7: Statement -> ID ASSIGN Exp SC
10: Statement -> IF LPAREN Exp RPAREN Statement
3: Statements -> Statements Statement
9: Statement -> RETURN SC
3: Statements -> Statements Statement
4: Statement -> LBRACE Statements RBRACE
3: Statements -> Statements Statement
14: Statement -> CONTINUE SC
3: Statements -> Statements Statement
14: Statement -> CONTINUE SC
3: Statements -> Statements Statement
17: Type -> BYTE
23: Exp -> NUM
6: Statement -> Type ID ASSIGN Exp SC
3: Statements -> Statements Statement
24: Exp -> NUM B
27: Exp -> FALSE
20: Exp -> Exp BINOP Exp
15: Call -> ID LPAREN Exp RPAREN
22: Exp -> Call
23: Exp -> NUM
31: Exp -> Exp RELOP Exp
17: Type -> BYTE
5: Statement -> Type ID SC
12: Statement -> WHILE LPAREN Exp RPAREN Statement
3: Statements -> Statements Statement
16: Type -> INT
23: Exp -> NUM
28: Exp -> NOT Exp
32: Exp -> LPAREN Type RPAREN Exp
24: Exp -> NUM B
20: Exp -> Exp BINOP Exp
line 81: lexical error
