24: Exp -> NUM B
25: Exp -> STRING
7: Statement -> ID ASSIGN Exp SC
10: Statement -> IF LPAREN Exp RPAREN Statement
2: Statements -> Statement
27: Exp -> FALSE
21: Exp -> ID
20: Exp -> Exp BINOP Exp
23: Exp -> NUM
17: Type -> BYTE
21: Exp -> ID
32: Exp -> LPAREN Type RPAREN Exp
24: Exp -> NUM B
20: Exp -> Exp BINOP Exp
26: Exp -> TRUE
20: Exp -> Exp BINOP Exp
26: Exp -> TRUE
20: Exp -> Exp BINOP Exp
29: Exp -> Exp AND Exp
30: Exp -> Exp OR Exp
16: Type -> INT
26: Exp -> TRUE
32: Exp -> LPAREN Type RPAREN Exp
7: Statement -> ID ASSIGN Exp SC
10: Statement -> IF LPAREN Exp RPAREN Statement
3: Statements -> Statements Statement
16: Type -> INT
24: Exp -> NUM B
28: Exp -> NOT Exp
6: Statement -> Type ID ASSIGN Exp SC
3: Statements -> Statements Statement
25: Exp -> STRING
26: Exp -> TRUE
27: Exp -> FALSE
20: Exp -> Exp BINOP Exp
29: Exp -> Exp AND Exp
15: Call -> ID LPAREN Exp RPAREN
8: Statement -> Call SC
3: Statements -> Statements Statement
line 59: syntax error
