26: Exp -> TRUE
27: Exp -> FALSE
20: Exp -> Exp BINOP Exp
26: Exp -> TRUE
15: Call -> ID LPAREN Exp RPAREN
22: Exp -> Call
15: Call -> ID LPAREN Exp RPAREN
22: Exp -> Call
15: Call -> ID LPAREN Exp RPAREN
22: Exp -> Call
25: Exp -> STRING
31: Exp -> Exp RELOP Exp
15: Call -> ID LPAREN Exp RPAREN
8: Statement -> Call SC
12: Statement -> WHILE LPAREN Exp RPAREN Statement
2: Statements -> Statement
9: Statement -> RETURN SC
3: Statements -> Statements Statement
1: Program -> Statements
line 59: syntax error
